Warning: Design 'Vending_machine' has '1' unresolved references. For more detailed information, use the "link" command. (UID-341)
 
****************************************
Report : area
Design : Vending_machine
Version: W-2024.09-SP3
Date   : Tue Jul  8 16:12:30 2025
****************************************

Information: Updating design information... (UID-85)
Library(s) Used:

    saed14rvt_ff0p88v125c (File: /home/Khach123/Documents/Nguyen/me_labs/liberty/saed14rvt_ff0p88v125c.db)

Number of ports:                           66
Number of nets:                           200
Number of cells:                          141
Number of combinational cells:            118
Number of sequential cells:                20
Number of macros/black boxes:               0
Number of buf/inv:                         35
Number of references:                       5

Combinational area:                 35.830800
Buf/Inv area:                        6.482400
Noncombinational area:              19.269600
Macro/Black Box area:                0.000000
Net Interconnect area:              38.025454

Total cell area:                    55.100400
Total area:                         93.125855

Information: This design contains black box (unknown) components. (RPT-8)
1
